
> react-kavia@0.1.0 start
> react-scripts start

Attempting to bind to HOST environment variable: 0.0.0.0
If this was unintentional, check that you haven't mistakenly set it in your shell.
Learn more here: https://cra.link/advanced-config

(node:9599) [DEP_WEBPACK_DEV_SERVER_ON_AFTER_SETUP_MIDDLEWARE] DeprecationWarning: 'onAfterSetupMiddleware' option is deprecated. Please use the 'setupMiddlewares' option.
(Use `node --trace-deprecation ...` to show where the warning was created)
(node:9599) [DEP_WEBPACK_DEV_SERVER_ON_BEFORE_SETUP_MIDDLEWARE] DeprecationWarning: 'onBeforeSetupMiddleware' option is deprecated. Please use the 'setupMiddlewares' option.
Starting the development server...

Failed to compile.

[eslint] 
src/pages/LoginPage.js
  Line 19:13:  'Navigate' is not defined  react/jsx-no-undef

src/pages/SignupPage.js
  Line 17:13:  'Navigate' is not defined  react/jsx-no-undef

Search for the keywords to learn more about each error.
WARNING in [eslint] 
src/auth/AuthContext.js
  Line 1:44:  'useEffect' is defined but never used  no-unused-vars

ERROR in [eslint] 
src/pages/LoginPage.js
  Line 19:13:  'Navigate' is not defined  react/jsx-no-undef

src/pages/SignupPage.js
  Line 17:13:  'Navigate' is not defined  react/jsx-no-undef

Search for the keywords to learn more about each error.

webpack compiled with 1 error and 1 warning
Compiling...
Failed to compile.

[eslint] 
src/pages/LoginPage.js
  Line 19:13:  'Navigate' is not defined  react/jsx-no-undef

src/pages/SignupPage.js
  Line 17:13:  'Navigate' is not defined  react/jsx-no-undef

Search for the keywords to learn more about each error.
WARNING in [eslint] 
src/auth/AuthContext.js
  Line 1:44:  'useEffect' is defined but never used  no-unused-vars

ERROR in [eslint] 
src/pages/LoginPage.js
  Line 19:13:  'Navigate' is not defined  react/jsx-no-undef

src/pages/SignupPage.js
  Line 17:13:  'Navigate' is not defined  react/jsx-no-undef

Search for the keywords to learn more about each error.

webpack compiled with 1 error and 1 warning
Compiling...
Failed to compile.

[eslint] 
src/pages/LoginPage.js
  Line 19:13:  'Navigate' is not defined  react/jsx-no-undef

src/pages/SignupPage.js
  Line 17:13:  'Navigate' is not defined  react/jsx-no-undef

Search for the keywords to learn more about each error.
WARNING in [eslint] 
src/auth/AuthContext.js
  Line 1:44:  'useEffect' is defined but never used  no-unused-vars

ERROR in [eslint] 
src/pages/LoginPage.js
  Line 19:13:  'Navigate' is not defined  react/jsx-no-undef

src/pages/SignupPage.js
  Line 17:13:  'Navigate' is not defined  react/jsx-no-undef

Search for the keywords to learn more about each error.

webpack compiled with 1 error and 1 warning
